// Jest Snapshot v1, https://goo.gl/fbAQLP

exports[`mocked query some stuff 1`] = `
Object {
  "data": Object {
    "r2d2": Object {
      "name": "C-3PO",
    },
  },
}
`;
