// Jest Snapshot v1, https://goo.gl/fbAQLP

exports[`prisma loads type-level includes directly, indirectly and merges with relations 1`] = `
Object {
  "data": Object {
    "me": Object {
      "commentsConnection": Object {
        "edges": Array [
          Object {
            "node": Object {
              "authorBio": "Sequi minus inventore itaque similique et.",
            },
          },
        ],
      },
      "postsConnection": Object {
        "edges": Array [
          Object {
            "node": Object {
              "commentAuthorIds": Array [
                "1",
                "2",
                "3",
                "4",
                "5",
                "6",
                "7",
                "8",
                "9",
                "10",
                "11",
                "12",
                "13",
                "14",
                "15",
                "16",
                "17",
                "18",
                "19",
                "20",
                "21",
                "22",
                "23",
                "24",
                "25",
                "26",
                "27",
                "28",
                "29",
                "30",
                "31",
                "32",
                "33",
                "34",
                "35",
                "36",
                "37",
                "38",
                "39",
                "40",
                "41",
                "42",
                "43",
                "44",
                "45",
                "46",
                "47",
                "48",
                "49",
                "50",
                "51",
                "52",
                "53",
                "54",
                "55",
                "56",
                "57",
                "58",
                "59",
                "60",
                "61",
                "62",
                "63",
                "64",
                "65",
                "66",
                "67",
                "68",
                "69",
                "70",
                "71",
                "72",
                "73",
                "74",
                "75",
                "76",
                "77",
                "78",
                "79",
                "80",
                "81",
                "82",
                "83",
                "84",
                "85",
                "86",
                "87",
                "88",
                "89",
                "90",
                "91",
                "92",
                "93",
                "94",
                "95",
                "96",
                "97",
                "98",
                "99",
                "100",
              ],
            },
          },
        ],
      },
      "twoComments": Object {
        "edges": Array [
          Object {
            "node": Object {
              "author": Object {
                "id": "VXNlcjox",
              },
              "authorBio": "Sequi minus inventore itaque similique et.",
            },
          },
          Object {
            "node": Object {
              "author": Object {
                "id": "VXNlcjox",
              },
              "authorBio": "Sequi minus inventore itaque similique et.",
            },
          },
        ],
      },
    },
  },
}
`;
