// Jest Snapshot v1, https://goo.gl/fbAQLP

exports[`auth example schema generates expected schema 1`] = `
"type Mutation {
  createUser(firstName: String!, lastName: String!): User!
}

type Query {
  user(id: ID!): User!
  users: [User]!
}

type User {
  id: ID!
  firstName: String!
  lastName: String!
  email: String!
}
"
`;
