// Jest Snapshot v1, https://goo.gl/fbAQLP

exports[`dataloader generates expected schema 1`] = `
"type CallCount {
  calls: Int!
  loaded: Int!
  name: String!
}

interface Node {
  id: ID!
}

type Post {
  content: String!
  id: ID!
  title: String!
}

type Query {
  addOnUser: User!
  counts: [CallCount!]!
  fromContext1: User!
  fromContext2: User!
  fromContext3: User!
  fromContext4: [User!]!
  fromContext5: [User!]!
  node(id: ID!): Node
  nodes(ids: [ID!]!): [Node]!
  post(id: Int!): Post
  posts(ids: [Int!]!): [Post]
  user(id: String): User
  userNode(id: String): User
  userNodes(ids: [String!]): [UserNode]
  users(ids: [String!]): [User]
}

interface TestInterface {
  idFromInterface: ID!
}

type User implements TestInterface {
  id: ID!
  idFromInterface: ID!
  self: User!
}

type UserNode implements Node {
  id: ID!
}
"
`;
