// Jest Snapshot v1, https://goo.gl/fbAQLP

exports[`starwars example generates expected schema 1`] = `
"interface Character {
  \\"\\"\\"The id of the character\\"\\"\\"
  id: ID!

  \\"\\"\\"The name of the character\\"\\"\\"
  name: String!

  \\"\\"\\"The friends of the character, or an empty list if they have none.\\"\\"\\"
  friends: [Character]!

  \\"\\"\\"Which movies they appear in.\\"\\"\\"
  appearsIn(id: ID!): [Episode]!
}

\\"\\"\\"A mechanical creature in the Star Wars universe.\\"\\"\\"
type Droid implements Character {
  \\"\\"\\"The id of the character\\"\\"\\"
  id: ID!

  \\"\\"\\"The name of the character\\"\\"\\"
  name: String!

  \\"\\"\\"The friends of the character, or an empty list if they have none.\\"\\"\\"
  friends: [Character]!

  \\"\\"\\"Which movies they appear in.\\"\\"\\"
  appearsIn(id: ID!): [Episode]!

  \\"\\"\\"The primary function of the droid.\\"\\"\\"
  primaryFunction: String!
}

\\"\\"\\"One of the films in the Star Wars Trilogy\\"\\"\\"
enum Episode {
  \\"\\"\\"Released in 1977.\\"\\"\\"
  NEWHOPE

  \\"\\"\\"Released in 1980.\\"\\"\\"
  EMPIRE

  \\"\\"\\"Released in 1983\\"\\"\\"
  JEDI
}

\\"\\"\\"A humanoid creature in the Star Wars universe.\\"\\"\\"
type Human implements Character {
  \\"\\"\\"The id of the character\\"\\"\\"
  id: ID!

  \\"\\"\\"The name of the character\\"\\"\\"
  name: String!

  \\"\\"\\"The friends of the character, or an empty list if they have none.\\"\\"\\"
  friends: [Character]!

  \\"\\"\\"Which movies they appear in.\\"\\"\\"
  appearsIn(id: ID!): [Episode]!

  \\"\\"\\"The home planet of the human, or null if unknown.\\"\\"\\"
  homePlanet: String
}

type Query {
  \\"\\"\\"hero\\"\\"\\"
  hero(
    \\"\\"\\"
    If omitted, returns the hero of the whole saga. If provided, returns the hero of that particular episode.
    \\"\\"\\"
    episode: Episode
  ): Character!

  \\"\\"\\"human\\"\\"\\"
  human(
    \\"\\"\\"id of the character\\"\\"\\"
    id: ID!
  ): Human!

  \\"\\"\\"droid\\"\\"\\"
  droid(
    \\"\\"\\"id of the character\\"\\"\\"
    id: ID!
  ): Droid!
}
"
`;

exports[`starwars example queries query some stuff 1`] = `
Object {
  "data": Object {
    "droid": Object {
      "friends": Array [
        Object {
          "appearsIn": Array [
            "NEWHOPE",
            "EMPIRE",
            "JEDI",
          ],
          "homePlanet": "Tatooine",
          "name": "Luke Skywalker",
        },
        Object {
          "appearsIn": Array [
            "NEWHOPE",
            "EMPIRE",
            "JEDI",
          ],
          "homePlanet": null,
          "name": "Han Solo",
        },
        Object {
          "appearsIn": Array [
            "NEWHOPE",
            "EMPIRE",
            "JEDI",
          ],
          "homePlanet": "Alderaan",
          "name": "Leia Organa",
        },
      ],
      "name": "R2-D2",
      "primaryFunction": "Astromech",
    },
    "hero": Object {
      "name": "R2-D2",
    },
    "human": Object {
      "friends": Array [
        Object {
          "appearsIn": Array [
            "NEWHOPE",
          ],
          "name": "Wilhuff Tarkin",
        },
      ],
      "homePlanet": "Tatooine",
      "name": "Darth Vader",
    },
  },
}
`;
