// Jest Snapshot v1, https://goo.gl/fbAQLP

exports[`plugin example generates expected schema 1`] = `
"type Query {
  args(input: TestInput, notRemoved: Boolean, testEnum: TestEnum): Boolean!
  notRemoved: Boolean!
}

enum TestEnum {
  DONT_REMOVE
}

input TestInput {
  notRemoved: Boolean
}
"
`;
